0 verbose cli /usr/local/bin/node /usr/local/bin/npm
1 info using npm@11.6.2
2 info using node@v24.13.0
3 silly config load:file:/usr/local/lib/node_modules/npm/npmrc
4 silly config load:file:/Users/meuge/Coding/random/m&a now clone/ma-now-clone/.npmrc
5 silly config load:file:/Users/meuge/.npmrc
6 silly config load:file:/usr/local/etc/npmrc
7 verbose title npm install leaflet react-leaflet @types/leaflet
8 verbose argv "install" "--cache" ".npm-cache" "leaflet" "react-leaflet" "@types/leaflet"
9 verbose logfile logs-max:10 dir:/Users/meuge/Coding/random/m&a now clone/ma-now-clone/.npm-cache/_logs/2026-01-28T17_02_49_824Z-
10 verbose logfile /Users/meuge/Coding/random/m&a now clone/ma-now-clone/.npm-cache/_logs/2026-01-28T17_02_49_824Z-debug-0.log
11 silly logfile done cleaning log files
12 silly packumentCache heap:4496293888 maxSize:1124073472 maxEntrySize:562036736
13 silly idealTree buildDeps
14 silly fetch manifest leaflet@*
15 silly packumentCache full:https://registry.npmjs.org/leaflet cache-miss
16 http fetch GET 200 https://registry.npmjs.org/leaflet 109ms (cache miss)
17 silly packumentCache full:https://registry.npmjs.org/leaflet set size:undefined disposed:false
18 silly fetch manifest react-leaflet@*
19 silly packumentCache full:https://registry.npmjs.org/react-leaflet cache-miss
20 http fetch GET 200 https://registry.npmjs.org/npm 182ms
21 http fetch GET 200 https://registry.npmjs.org/react-leaflet 60ms (cache miss)
22 silly packumentCache full:https://registry.npmjs.org/react-leaflet set size:undefined disposed:false
23 silly fetch manifest react@19.2.3
24 silly packumentCache full:https://registry.npmjs.org/react cache-miss
25 http fetch GET 200 https://registry.npmjs.org/react 200ms (cache miss)
26 silly packumentCache full:https://registry.npmjs.org/react set size:undefined disposed:false
27 silly fetch manifest react-dom@19.2.3
28 silly packumentCache full:https://registry.npmjs.org/react-dom cache-miss
29 http fetch GET 200 https://registry.npmjs.org/react-dom 191ms (cache miss)
30 silly packumentCache full:https://registry.npmjs.org/react-dom set size:undefined disposed:false
31 silly fetch manifest @types/leaflet@*
32 silly packumentCache full:https://registry.npmjs.org/@types%2fleaflet cache-miss
33 http fetch GET 200 https://registry.npmjs.org/@types%2fleaflet 68ms (cache miss)
34 silly packumentCache full:https://registry.npmjs.org/@types%2fleaflet set size:undefined disposed:false
35 silly placeDep ROOT @types/leaflet@1.9.21 OK for: ma-now-clone@0.1.0 want: *
36 silly placeDep ROOT leaflet@1.9.4 OK for: ma-now-clone@0.1.0 want: *
37 silly placeDep ROOT react-leaflet@5.0.0 OK for: ma-now-clone@0.1.0 want: *
38 silly fetch manifest @types/geojson@*
39 silly packumentCache full:https://registry.npmjs.org/@types%2fgeojson cache-miss
40 silly fetch manifest @react-leaflet/core@^3.0.0
41 silly packumentCache full:https://registry.npmjs.org/@react-leaflet%2fcore cache-miss
42 http fetch GET 200 https://registry.npmjs.org/@types%2fgeojson 49ms (cache miss)
43 silly packumentCache full:https://registry.npmjs.org/@types%2fgeojson set size:undefined disposed:false
44 http fetch GET 200 https://registry.npmjs.org/@react-leaflet%2fcore 236ms (cache miss)
45 silly packumentCache full:https://registry.npmjs.org/@react-leaflet%2fcore set size:undefined disposed:false
46 silly placeDep ROOT @types/geojson@7946.0.16 OK for: @types/leaflet@1.9.21 want: *
47 silly fetch manifest @next/swc-win32-x64-msvc@16.1.6
48 silly packumentCache full:https://registry.npmjs.org/@next%2fswc-win32-x64-msvc cache-miss
49 http fetch GET 200 https://registry.npmjs.org/@next%2fswc-win32-x64-msvc 171ms (cache miss)
50 silly packumentCache full:https://registry.npmjs.org/@next%2fswc-win32-x64-msvc set size:undefined disposed:false
51 silly placeDep ROOT @next/swc-win32-x64-msvc@16.1.6 KEEP for: next@16.1.6 want: 16.1.6
52 verbose stack TypeError: Invalid Version: 
52 verbose stack     at new SemVer (/usr/local/lib/node_modules/npm/node_modules/semver/classes/semver.js:40:13)
52 verbose stack     at compare (/usr/local/lib/node_modules/npm/node_modules/semver/functions/compare.js:5:32)
52 verbose stack     at Object.eq (/usr/local/lib/node_modules/npm/node_modules/semver/functions/eq.js:4:29)
52 verbose stack     at Node.canDedupe (/usr/local/lib/node_modules/npm/node_modules/@npmcli/arborist/lib/node.js:1140:32)
52 verbose stack     at PlaceDep.pruneDedupable (/usr/local/lib/node_modules/npm/node_modules/@npmcli/arborist/lib/place-dep.js:426:14)
52 verbose stack     at PlaceDep.pruneDedupable (/usr/local/lib/node_modules/npm/node_modules/@npmcli/arborist/lib/place-dep.js:444:14)
52 verbose stack     at PlaceDep.pruneDedupable (/usr/local/lib/node_modules/npm/node_modules/@npmcli/arborist/lib/place-dep.js:444:14)
52 verbose stack     at new PlaceDep (/usr/local/lib/node_modules/npm/node_modules/@npmcli/arborist/lib/place-dep.js:219:12)
52 verbose stack     at #buildDepStep (/usr/local/lib/node_modules/npm/node_modules/@npmcli/arborist/lib/arborist/build-ideal-tree.js:945:18)
52 verbose stack     at async Arborist.buildIdealTree (/usr/local/lib/node_modules/npm/node_modules/@npmcli/arborist/lib/arborist/build-ideal-tree.js:182:7)
53 error Invalid Version: 
54 silly unfinished npm timer reify 1769619769912
55 silly unfinished npm timer reify:loadTrees 1769619769913
56 silly unfinished npm timer idealTree:buildDeps 1769619769959
57 silly unfinished npm timer idealTree:node_modules/next 1769619770868
58 verbose cwd /Users/meuge/Coding/random/m&a now clone/ma-now-clone
59 verbose os Darwin 24.6.0
60 verbose node v24.13.0
61 verbose npm  v11.6.2
62 notice
62 notice New [33mminor[39m version of npm available! [33m11.6.2[39m -> [34m11.8.0[39m
62 notice Changelog: [34mhttps://github.com/npm/cli/releases/tag/v11.8.0[39m
62 notice To update run: [4mnpm install -g npm@11.8.0[24m
62 notice  { force: true, Symbol(proc-log.meta): true }
63 verbose exit 1
64 verbose code 1
65 error A complete log of this run can be found in: /Users/meuge/Coding/random/m&a now clone/ma-now-clone/.npm-cache/_logs/2026-01-28T17_02_49_824Z-debug-0.log
